Copyright 1986-2022 Xilinx, Inc. All Rights Reserved. Copyright 2022-2025 Advanced Micro Devices, Inc. All Rights Reserved.
---------------------------------------------------------------------------------------------------------------------------------------------
| Tool Version : Vivado v.2025.2 (win64) Build 6299465 Fri Nov 14 19:35:11 GMT 2025
| Date         : Fri May 29 11:52:40 2026
| Host         : DESKTOP-5HHECFE running 64-bit major release  (build 9200)
| Command      : report_utilization -hierarchical -hierarchical_depth 3 -file output/reports_integrated/hier_util.rpt
| Design       : nn2rtl_top
| Device       : xcu250-figd2104-2L-e
| Speed File   : -2L
| Design State : Synthesized
---------------------------------------------------------------------------------------------------------------------------------------------

Utilization Design Information

Table of Contents
-----------------
1. Utilization by Hierarchy

1. Utilization by Hierarchy
---------------------------

+------------------------------+---------------------------------------------+------------+------------+---------+------+---------+--------+--------+------+------------+
|           Instance           |                    Module                   | Total LUTs | Logic LUTs | LUTRAMs | SRLs |   FFs   | RAMB36 | RAMB18 | URAM | DSP Blocks |
+------------------------------+---------------------------------------------+------------+------------+---------+------+---------+--------+--------+------+------------+
| nn2rtl_top                   |                                       (top) |    2070885 |    1638197 |  432676 |   12 | 1305833 |   3850 |     53 |  203 |       5952 |
|   (nn2rtl_top)               |                                       (top) |         41 |         41 |       0 |    0 |     779 |      0 |      0 |    0 |          0 |
|   u_engine_out_fifo          |                          engine_output_fifo |       1051 |       1051 |       0 |    0 |      43 |      0 |      0 |   29 |          0 |
|   u_engine_out_node_conv_246 |                        engine_output_bridge |        531 |        531 |       0 |    0 |    2342 |      0 |      0 |    0 |          0 |
|   u_engine_out_node_conv_250 |        engine_output_bridge__parameterized0 |        534 |        534 |       0 |    0 |    2343 |      0 |      0 |    0 |          0 |
|   u_engine_out_node_conv_254 |        engine_output_bridge__parameterized1 |        533 |        533 |       0 |    0 |    2343 |      0 |      0 |    0 |          0 |
|   u_engine_out_node_conv_260 |        engine_output_bridge__parameterized2 |        533 |        533 |       0 |    0 |    2343 |      0 |      0 |    0 |          0 |
|   u_engine_out_node_conv_264 |        engine_output_bridge__parameterized3 |        532 |        532 |       0 |    0 |    2342 |      0 |      0 |    0 |          0 |
|   u_engine_out_node_conv_266 |        engine_output_bridge__parameterized4 |        531 |        531 |       0 |    0 |    2342 |      0 |      0 |    0 |          0 |
|   u_engine_out_node_conv_272 |        engine_output_bridge__parameterized5 |        534 |        534 |       0 |    0 |    2346 |      0 |      0 |    0 |          0 |
|   u_engine_out_node_conv_278 |        engine_output_bridge__parameterized6 |        531 |        531 |       0 |    0 |    2342 |      0 |      0 |    0 |          0 |
|   u_engine_out_node_conv_282 |        engine_output_bridge__parameterized7 |        536 |        536 |       0 |    0 |    2347 |      0 |      0 |    0 |          0 |
|   u_engine_out_node_conv_286 |        engine_output_bridge__parameterized8 |        533 |        533 |       0 |    0 |    2343 |      0 |      0 |    0 |          0 |
|   u_engine_out_node_conv_290 |        engine_output_bridge__parameterized9 |        533 |        533 |       0 |    0 |    2343 |      0 |      0 |    0 |          0 |
|   u_engine_out_node_conv_294 |       engine_output_bridge__parameterized10 |        537 |        537 |       0 |    0 |    2347 |      0 |      0 |    0 |          0 |
|   u_engine_out_node_conv_296 |       engine_output_bridge__parameterized11 |        535 |        535 |       0 |    0 |    2346 |      0 |      0 |    0 |          0 |
|   u_engine_out_node_conv_300 |       engine_output_bridge__parameterized12 |        538 |        538 |       0 |    0 |    2347 |      0 |      0 |    0 |          0 |
|   u_ldr_node_conv_246        |                   stream_to_act_bram_bridge |       1925 |       1925 |       0 |    0 |    3749 |      0 |      0 |    0 |          0 |
|   u_ldr_node_conv_250        |   stream_to_act_bram_bridge__parameterized0 |        220 |        220 |       0 |    0 |    4004 |      0 |      0 |    0 |          0 |
|   u_ldr_node_conv_254        |   stream_to_act_bram_bridge__parameterized1 |       1909 |       1909 |       0 |    0 |    3749 |      0 |      0 |    0 |          0 |
|   u_ldr_node_conv_260        | stream_to_act_bram_bridge__parameterized1_0 |        113 |        113 |       0 |    0 |    3749 |      0 |      0 |    0 |          0 |
|   u_ldr_node_conv_264        |   stream_to_act_bram_bridge__parameterized2 |       1962 |       1962 |       0 |    0 |    3621 |      0 |      0 |    0 |          0 |
|   u_ldr_node_conv_266        | stream_to_act_bram_bridge__parameterized1_1 |         67 |         67 |       0 |    0 |    3764 |      0 |      0 |    0 |          0 |
|   u_ldr_node_conv_272        | stream_to_act_bram_bridge__parameterized1_2 |       1966 |       1966 |       0 |    0 |    3764 |      0 |      0 |    0 |          0 |
|   u_ldr_node_conv_278        | stream_to_act_bram_bridge__parameterized1_3 |         64 |         64 |       0 |    0 |    3764 |      0 |      0 |    0 |          0 |
|   u_ldr_node_conv_282        | stream_to_act_bram_bridge__parameterized2_4 |         67 |         67 |       0 |    0 |    3638 |      0 |      0 |    0 |          0 |
|   u_ldr_node_conv_286        |   stream_to_act_bram_bridge__parameterized3 |       3740 |       3740 |       0 |    0 |    4021 |      0 |      0 |    0 |          0 |
|   u_ldr_node_conv_290        |   stream_to_act_bram_bridge__parameterized4 |        322 |        322 |       0 |    0 |    4150 |      0 |      0 |    0 |          0 |
|   u_ldr_node_conv_294        | stream_to_act_bram_bridge__parameterized3_5 |         83 |         83 |       0 |    0 |    4021 |      0 |      0 |    0 |          0 |
|   u_ldr_node_conv_296        |   stream_to_act_bram_bridge__parameterized5 |       2400 |       2400 |       0 |    0 |    4150 |      0 |      0 |    0 |          0 |
|   u_ldr_node_conv_300        | stream_to_act_bram_bridge__parameterized3_6 |         66 |         66 |       0 |    0 |    4021 |      0 |      0 |    0 |          0 |
|   u_node_add                 |                                    node_add |       4903 |       4892 |       0 |   11 |    6575 |      0 |      0 |    0 |          4 |
|   u_node_add_1               |                                  node_add_1 |       4160 |       3648 |     512 |    0 |    4330 |      0 |      0 |    0 |          3 |
|   u_node_add_10              |                                 node_add_10 |       9403 |       9403 |       0 |    0 |   24011 |      0 |      0 |    0 |          2 |
|   u_node_add_11              |                                 node_add_11 |       7871 |       7871 |       0 |    0 |   24000 |      0 |      0 |    0 |          1 |
|   u_node_add_12              |                                 node_add_12 |       7930 |       7930 |       0 |    0 |   24018 |      0 |      0 |    0 |          2 |
|   u_node_add_13              |                                 node_add_13 |      16316 |      16316 |       0 |    0 |   49684 |      0 |      0 |    0 |          2 |
|   u_node_add_14              |                                 node_add_14 |      15953 |      15953 |       0 |    0 |   49680 |      0 |      0 |    0 |          2 |
|   u_node_add_15              |                                 node_add_15 |      16864 |      16864 |       0 |    0 |   49564 |      0 |      0 |    0 |          4 |
|   u_node_add_2               |                                  node_add_2 |       4198 |       4198 |       0 |    0 |    6387 |      0 |      0 |    0 |          1 |
|   u_node_add_3               |                                  node_add_3 |      10891 |      10891 |       0 |    0 |   12719 |      0 |      0 |    0 |          4 |
|   u_node_add_4               |                                  node_add_4 |      11178 |      11178 |       0 |    0 |   12565 |      0 |      0 |    0 |          4 |
|   u_node_add_5               |                                  node_add_5 |       4851 |       4851 |       0 |    0 |   12528 |      0 |      0 |    0 |          4 |
|   u_node_add_6               |                                  node_add_6 |       4848 |       4848 |       0 |    0 |   12527 |      0 |      0 |    0 |          4 |
|   u_node_add_7               |                                  node_add_7 |       9763 |       9763 |       0 |    0 |   25080 |      0 |      0 |    0 |          2 |
|   u_node_add_8               |                                  node_add_8 |       9299 |       9299 |       0 |    0 |   24036 |      0 |      0 |    0 |          2 |
|   u_node_add_9               |                                  node_add_9 |       8292 |       8292 |       0 |    0 |   24003 |      0 |      0 |    0 |          4 |
|   u_node_conv_196            |                               node_conv_196 |       5662 |       5662 |       0 |    0 |    2464 |      5 |      8 |    0 |         72 |
|     (u_node_conv_196)        |                               node_conv_196 |          8 |          8 |       0 |    0 |     268 |      0 |      0 |    0 |          0 |
|     dp                       |                          conv_datapath_mp_k |       2125 |       2125 |       0 |    0 |    1118 |      5 |      1 |    0 |         72 |
|     lbw                      |                             line_buf_window |       3461 |       3461 |       0 |    0 |    1043 |      0 |      7 |    0 |          0 |
|     scheduler                |                             coord_scheduler |         68 |         68 |       0 |    0 |      35 |      0 |      0 |    0 |          0 |
|   u_node_conv_198            |                               node_conv_198 |       3720 |       3720 |       0 |    0 |    2831 |      7 |      0 |    0 |        160 |
|     (u_node_conv_198)        |                               node_conv_198 |        130 |        130 |       0 |    0 |     781 |      0 |      0 |    0 |          0 |
|     dp                       |          conv_datapath_mp_k__parameterized0 |       2906 |       2906 |       0 |    0 |    1511 |      7 |      0 |    0 |        160 |
|     lbw                      |         line_buf_window__parameterized1_156 |        128 |        128 |       0 |    0 |     512 |      0 |      0 |    0 |          0 |
|     scheduler                |         coord_scheduler__parameterized1_157 |        556 |        556 |       0 |    0 |      27 |      0 |      0 |    0 |          0 |
|   u_node_conv_200            |                               node_conv_200 |       8908 |       8908 |       0 |    0 |    6094 |     33 |      4 |    0 |        176 |
|     (u_node_conv_200)        |                               node_conv_200 |        130 |        130 |       0 |    0 |     776 |      0 |      0 |    0 |          0 |
|     dp                       |          conv_datapath_mp_k__parameterized1 |       3100 |       3100 |       0 |    0 |    1699 |     12 |      1 |    0 |        176 |
|     lbw                      |         line_buf_window__parameterized2_154 |       5633 |       5633 |       0 |    0 |    3589 |     21 |      3 |    0 |          0 |
|   u_node_conv_202            |                               node_conv_202 |       6068 |       6068 |       0 |    0 |    6028 |     11 |      0 |    0 |        160 |
|     (u_node_conv_202)        |                               node_conv_202 |        521 |        521 |       0 |    0 |    2318 |      0 |      0 |    0 |          0 |
|     dp                       |          conv_datapath_mp_k__parameterized2 |       4859 |       4859 |       0 |    0 |    3168 |     11 |      0 |    0 |        160 |
|     lbw                      |         line_buf_window__parameterized1_152 |        128 |        128 |       0 |    0 |     512 |      0 |      0 |    0 |          0 |
|     scheduler                |         coord_scheduler__parameterized1_153 |        560 |        560 |       0 |    0 |      30 |      0 |      0 |    0 |          0 |
|   u_node_conv_204            |                               node_conv_204 |       5353 |       5353 |       0 |    0 |    5973 |     11 |      1 |    0 |        160 |
|     (u_node_conv_204)        |                               node_conv_204 |        516 |        516 |       0 |    0 |    2320 |      0 |      0 |    0 |          0 |
|     dp                       |          conv_datapath_mp_k__parameterized3 |       4150 |       4150 |       0 |    0 |    3111 |     11 |      1 |    0 |        160 |
|     lbw                      |         line_buf_window__parameterized1_150 |        128 |        128 |       0 |    0 |     512 |      0 |      0 |    0 |          0 |
|     scheduler                |         coord_scheduler__parameterized1_151 |        559 |        559 |       0 |    0 |      30 |      0 |      0 |    0 |          0 |
|   u_node_conv_206            |                               node_conv_206 |       5243 |       5243 |       0 |    0 |    6027 |      9 |      0 |    0 |        160 |
|     (u_node_conv_206)        |                               node_conv_206 |        139 |        139 |       0 |    0 |    2331 |      0 |      0 |    0 |          0 |
|     dp                       |          conv_datapath_mp_k__parameterized4 |       3284 |       3284 |       0 |    0 |    1621 |      9 |      0 |    0 |        160 |
|     lbw                      |         line_buf_window__parameterized3_148 |        713 |        713 |       0 |    0 |    2048 |      0 |      0 |    0 |          0 |
|     scheduler                |         coord_scheduler__parameterized1_149 |       1107 |       1107 |       0 |    0 |      27 |      0 |      0 |    0 |          0 |
|   u_node_conv_208            |                               node_conv_208 |       8083 |       8083 |       0 |    0 |    6047 |     34 |      4 |    0 |        176 |
|     (u_node_conv_208)        |                               node_conv_208 |        130 |        130 |       0 |    0 |     776 |      0 |      0 |    0 |          0 |
|     dp                       |          conv_datapath_mp_k__parameterized5 |       3025 |       3025 |       0 |    0 |    1652 |     13 |      1 |    0 |        176 |
|     lbw                      |         line_buf_window__parameterized2_146 |       4883 |       4883 |       0 |    0 |    3589 |     21 |      3 |    0 |          0 |
|   u_node_conv_210            |                               node_conv_210 |       5052 |       5052 |       0 |    0 |    5938 |     11 |      1 |    0 |        160 |
|     (u_node_conv_210)        |                               node_conv_210 |        687 |        687 |       0 |    0 |    2327 |      0 |      0 |    0 |          0 |
|     dp                       |          conv_datapath_mp_k__parameterized6 |       3682 |       3682 |       0 |    0 |    3072 |     11 |      1 |    0 |        160 |
|     lbw                      |         line_buf_window__parameterized1_144 |        128 |        128 |       0 |    0 |     512 |      0 |      0 |    0 |          0 |
|     scheduler                |         coord_scheduler__parameterized1_145 |        555 |        555 |       0 |    0 |      27 |      0 |      0 |    0 |          0 |
|   u_node_conv_212            |                               node_conv_212 |       4872 |       4872 |       0 |    0 |    6006 |     10 |      1 |    0 |        160 |
|     (u_node_conv_212)        |                               node_conv_212 |        139 |        139 |       0 |    0 |    2331 |      0 |      0 |    0 |          0 |
|     dp                       |          conv_datapath_mp_k__parameterized7 |       2913 |       2913 |       0 |    0 |    1600 |     10 |      1 |    0 |        160 |
|     lbw                      |         line_buf_window__parameterized3_142 |        713 |        713 |       0 |    0 |    2048 |      0 |      0 |    0 |          0 |
|     scheduler                |         coord_scheduler__parameterized1_143 |       1107 |       1107 |       0 |    0 |      27 |      0 |      0 |    0 |          0 |
|   u_node_conv_214            |                               node_conv_214 |      11242 |      11242 |       0 |    0 |    6126 |     33 |      3 |    0 |        176 |
|     (u_node_conv_214)        |                               node_conv_214 |        130 |        130 |       0 |    0 |     776 |      0 |      0 |    0 |          0 |
|     dp                       |          conv_datapath_mp_k__parameterized8 |       3188 |       3188 |       0 |    0 |    1731 |     12 |      0 |    0 |        176 |
|     lbw                      |             line_buf_window__parameterized2 |       7879 |       7879 |       0 |    0 |    3589 |     21 |      3 |    0 |          0 |
|   u_node_conv_216            |                               node_conv_216 |       5414 |       5414 |       0 |    0 |    5954 |     10 |      1 |    0 |        160 |
|     (u_node_conv_216)        |                               node_conv_216 |        672 |        672 |       0 |    0 |    2327 |      0 |      0 |    0 |          0 |
|     dp                       |          conv_datapath_mp_k__parameterized9 |       4055 |       4055 |       0 |    0 |    3085 |     10 |      1 |    0 |        160 |
|     lbw                      |             line_buf_window__parameterized1 |        128 |        128 |       0 |    0 |     512 |      0 |      0 |    0 |          0 |
|     scheduler                |         coord_scheduler__parameterized1_141 |        559 |        559 |       0 |    0 |      30 |      0 |      0 |    0 |          0 |
|   u_node_conv_218            |                               node_conv_218 |       6426 |       6426 |       0 |    0 |    6841 |     13 |      1 |    0 |        160 |
|     (u_node_conv_218)        |                               node_conv_218 |        265 |        265 |       0 |    0 |    2669 |      0 |      0 |    0 |          0 |
|     dp                       |         conv_datapath_mp_k__parameterized10 |       4518 |       4518 |       0 |    0 |    2122 |     13 |      1 |    0 |        160 |
|     lbw                      |             line_buf_window__parameterized3 |        561 |        561 |       0 |    0 |    2023 |      0 |      0 |    0 |          0 |
|     scheduler                |             coord_scheduler__parameterized1 |       1082 |       1082 |       0 |    0 |      27 |      0 |      0 |    0 |          0 |
|   u_node_conv_220            |                               node_conv_220 |      36550 |      36550 |       0 |    0 |   11057 |     73 |      4 |    0 |        176 |
|     (u_node_conv_220)        |                               node_conv_220 |        605 |        605 |       0 |    0 |    1718 |      0 |      0 |    0 |          0 |
|     dp                       |         conv_datapath_mp_k__parameterized11 |       5011 |       5011 |       0 |    0 |    2290 |     31 |      1 |    0 |        176 |
|     lbw                      |             line_buf_window__parameterized4 |      30418 |      30418 |       0 |    0 |    7013 |     42 |      3 |    0 |          0 |
|     scheduler                |             coord_scheduler__parameterized3 |        516 |        516 |       0 |    0 |      36 |      0 |      0 |    0 |          0 |
|   u_node_conv_222            |                               node_conv_222 |       7215 |       7215 |       0 |    0 |   11085 |     13 |      1 |    0 |        160 |
|     (u_node_conv_222)        |                               node_conv_222 |       1029 |       1029 |       0 |    0 |    4878 |      0 |      0 |    0 |          0 |
|     dp                       |         conv_datapath_mp_k__parameterized12 |       5368 |       5368 |       0 |    0 |    5160 |     13 |      1 |    0 |        160 |
|     lbw                      |         line_buf_window__parameterized5_139 |        256 |        256 |       0 |    0 |    1024 |      0 |      0 |    0 |          0 |
|     scheduler                |         coord_scheduler__parameterized4_140 |        562 |        562 |       0 |    0 |      23 |      0 |      0 |    0 |          0 |
|   u_node_conv_224            |                               node_conv_224 |      14161 |      14161 |       0 |    0 |   13156 |     24 |      1 |    0 |        160 |
|     (u_node_conv_224)        |                               node_conv_224 |       1042 |       1042 |       0 |    0 |    5751 |      0 |      0 |    0 |          0 |
|     dp                       |         conv_datapath_mp_k__parameterized13 |      11388 |      11388 |       0 |    0 |    5359 |     24 |      1 |    0 |        160 |
|     lbw                      |             line_buf_window__parameterized6 |        561 |        561 |       0 |    0 |    2023 |      0 |      0 |    0 |          0 |
|     scheduler                |         coord_scheduler__parameterized4_138 |       1170 |       1170 |       0 |    0 |      23 |      0 |      0 |    0 |          0 |
|   u_node_conv_226            |                               node_conv_226 |      17665 |      17665 |       0 |    0 |   11557 |     12 |      1 |    0 |         64 |
|     (u_node_conv_226)        |                               node_conv_226 |        258 |        258 |       0 |    0 |    4876 |      0 |      0 |    0 |          0 |
|     dp                       |         conv_datapath_mp_k__parameterized14 |      11865 |      11865 |       0 |    0 |    2558 |     12 |      1 |    0 |         64 |
|     lbw                      |         line_buf_window__parameterized7_136 |       5368 |       5368 |       0 |    0 |    4096 |      0 |      0 |    0 |          0 |
|     scheduler                |         coord_scheduler__parameterized4_137 |        174 |        174 |       0 |    0 |      27 |      0 |      0 |    0 |          0 |
|   u_node_conv_228            |                               node_conv_228 |      36618 |      36618 |       0 |    0 |   11284 |     71 |      3 |    0 |        176 |
|     (u_node_conv_228)        |                               node_conv_228 |        261 |        261 |       0 |    0 |    1802 |      0 |      0 |    0 |          0 |
|     dp                       |         conv_datapath_mp_k__parameterized15 |       5563 |       5563 |       0 |    0 |    2271 |     29 |      0 |    0 |        176 |
|     lbw                      |         line_buf_window__parameterized8_134 |      30739 |      30739 |       0 |    0 |    7173 |     42 |      3 |    0 |          0 |
|     scheduler                |         coord_scheduler__parameterized5_135 |         55 |         55 |       0 |    0 |      38 |      0 |      0 |    0 |          0 |
|   u_node_conv_230            |                               node_conv_230 |      20818 |      20818 |       0 |    0 |   11538 |     12 |      0 |    0 |         64 |
|     (u_node_conv_230)        |                               node_conv_230 |       1029 |       1029 |       0 |    0 |    4878 |      0 |      0 |    0 |          0 |
|     dp                       |         conv_datapath_mp_k__parameterized16 |      18969 |      18969 |       0 |    0 |    5611 |     12 |      0 |    0 |         64 |
|     lbw                      |         line_buf_window__parameterized5_132 |        256 |        256 |       0 |    0 |    1024 |      0 |      0 |    0 |          0 |
|     scheduler                |         coord_scheduler__parameterized4_133 |        564 |        564 |       0 |    0 |      25 |      0 |      0 |    0 |          0 |
|   u_node_conv_232            |                               node_conv_232 |      17589 |      17589 |       0 |    0 |   11573 |     13 |      0 |    0 |         64 |
|     (u_node_conv_232)        |                               node_conv_232 |        258 |        258 |       0 |    0 |    4876 |      0 |      0 |    0 |          0 |
|     dp                       |         conv_datapath_mp_k__parameterized17 |      11786 |      11786 |       0 |    0 |    2574 |     13 |      0 |    0 |         64 |
|     lbw                      |         line_buf_window__parameterized7_130 |       5371 |       5371 |       0 |    0 |    4096 |      0 |      0 |    0 |          0 |
|     scheduler                |         coord_scheduler__parameterized4_131 |        174 |        174 |       0 |    0 |      27 |      0 |      0 |    0 |          0 |
|   u_node_conv_234            |                               node_conv_234 |      35811 |      35811 |       0 |    0 |   11332 |     69 |      3 |    0 |        176 |
|     (u_node_conv_234)        |                               node_conv_234 |        261 |        261 |       0 |    0 |    1802 |      0 |      0 |    0 |          0 |
|     dp                       |         conv_datapath_mp_k__parameterized18 |       4957 |       4957 |       0 |    0 |    2318 |     27 |      0 |    0 |        176 |
|     lbw                      |         line_buf_window__parameterized8_128 |      30537 |      30537 |       0 |    0 |    7173 |     42 |      3 |    0 |          0 |
|     scheduler                |         coord_scheduler__parameterized5_129 |         56 |         56 |       0 |    0 |      39 |      0 |      0 |    0 |          0 |
|   u_node_conv_236            |                               node_conv_236 |      20764 |      20764 |       0 |    0 |   11572 |     11 |      1 |    0 |         64 |
|     (u_node_conv_236)        |                               node_conv_236 |       1029 |       1029 |       0 |    0 |    4876 |      0 |      0 |    0 |          0 |
|     dp                       |         conv_datapath_mp_k__parameterized19 |      18917 |      18917 |       0 |    0 |    5649 |     11 |      1 |    0 |         64 |
|     lbw                      |         line_buf_window__parameterized5_126 |        256 |        256 |       0 |    0 |    1024 |      0 |      0 |    0 |          0 |
|     scheduler                |         coord_scheduler__parameterized4_127 |        562 |        562 |       0 |    0 |      23 |      0 |      0 |    0 |          0 |
|   u_node_conv_238            |                               node_conv_238 |      17315 |      17315 |       0 |    0 |   11560 |     14 |      0 |    0 |         64 |
|     (u_node_conv_238)        |                               node_conv_238 |        258 |        258 |       0 |    0 |    4876 |      0 |      0 |    0 |          0 |
|     dp                       |         conv_datapath_mp_k__parameterized20 |      11544 |      11544 |       0 |    0 |    2561 |     14 |      0 |    0 |         64 |
|     lbw                      |         line_buf_window__parameterized7_124 |       5370 |       5370 |       0 |    0 |    4096 |      0 |      0 |    0 |          0 |
|     scheduler                |         coord_scheduler__parameterized4_125 |        143 |        143 |       0 |    0 |      27 |      0 |      0 |    0 |          0 |
|   u_node_conv_240            |                               node_conv_240 |      36532 |      36532 |       0 |    0 |   11307 |     70 |      4 |    0 |        176 |
|     (u_node_conv_240)        |                               node_conv_240 |        261 |        261 |       0 |    0 |    1802 |      0 |      0 |    0 |          0 |
|     dp                       |         conv_datapath_mp_k__parameterized21 |       5616 |       5616 |       0 |    0 |    2297 |     28 |      1 |    0 |        176 |
|     lbw                      |             line_buf_window__parameterized8 |      30603 |      30603 |       0 |    0 |    7173 |     42 |      3 |    0 |          0 |
|     scheduler                |             coord_scheduler__parameterized5 |         52 |         52 |       0 |    0 |      35 |      0 |      0 |    0 |          0 |
|   u_node_conv_242            |                               node_conv_242 |      20812 |      20812 |       0 |    0 |   11625 |     13 |      0 |    0 |         64 |
|     (u_node_conv_242)        |                               node_conv_242 |       1029 |       1029 |       0 |    0 |    4876 |      0 |      0 |    0 |          0 |
|     dp                       |         conv_datapath_mp_k__parameterized22 |      18962 |      18962 |       0 |    0 |    5699 |     13 |      0 |    0 |         64 |
|     lbw                      |             line_buf_window__parameterized5 |        256 |        256 |       0 |    0 |    1024 |      0 |      0 |    0 |          0 |
|     scheduler                |         coord_scheduler__parameterized4_123 |        565 |        565 |       0 |    0 |      26 |      0 |      0 |    0 |          0 |
|   u_node_conv_244            |                               node_conv_244 |      14997 |      14997 |       0 |    0 |   13208 |     26 |      1 |    0 |        160 |
|     (u_node_conv_244)        |                               node_conv_244 |       4320 |       4320 |       0 |    0 |    5909 |      0 |      0 |    0 |          0 |
|     dp                       |         conv_datapath_mp_k__parameterized23 |       5151 |       5151 |       0 |    0 |    3189 |     26 |      1 |    0 |        160 |
|     lbw                      |             line_buf_window__parameterized7 |       5373 |       5373 |       0 |    0 |    4087 |      0 |      0 |    0 |          0 |
|     scheduler                |             coord_scheduler__parameterized4 |        153 |        153 |       0 |    0 |      23 |      0 |      0 |    0 |          0 |
|   u_node_conv_248            |                               node_conv_248 |      28354 |      28354 |       0 |    0 |   21605 |     28 |      1 |    0 |         64 |
|     (u_node_conv_248)        |                               node_conv_248 |       2324 |       2324 |       0 |    0 |    9885 |      0 |      0 |    0 |          0 |
|     dp                       |         conv_datapath_mp_k__parameterized24 |      24495 |      24495 |       0 |    0 |    9845 |     28 |      1 |    0 |         64 |
|     lbw                      |         line_buf_window__parameterized9_121 |        535 |        535 |       0 |    0 |    1856 |      0 |      0 |    0 |          0 |
|     scheduler                |         coord_scheduler__parameterized6_122 |       1000 |       1000 |       0 |    0 |      19 |      0 |      0 |    0 |          0 |
|   u_node_conv_252            |                               node_conv_252 |      23855 |      23855 |       0 |    0 |   21446 |     47 |      0 |    0 |        160 |
|     (u_node_conv_252)        |                               node_conv_252 |       8739 |       8739 |       0 |    0 |   10004 |      0 |      0 |    0 |          0 |
|     dp                       |         conv_datapath_mp_k__parameterized25 |       4687 |       4687 |       0 |    0 |    3231 |     47 |      0 |    0 |        160 |
|     lbw                      |        line_buf_window__parameterized10_119 |      10378 |      10378 |       0 |    0 |    8192 |      0 |      0 |    0 |          0 |
|     scheduler                |         coord_scheduler__parameterized6_120 |         51 |         51 |       0 |    0 |      19 |      0 |      0 |    0 |          0 |
|   u_node_conv_256            |                               node_conv_256 |      30136 |      30136 |       0 |    0 |   21615 |     49 |      1 |    0 |         64 |
|     (u_node_conv_256)        |                               node_conv_256 |       2308 |       2308 |       0 |    0 |    9863 |      0 |      0 |    0 |          0 |
|     dp                       |         conv_datapath_mp_k__parameterized26 |      26286 |      26286 |       0 |    0 |    9877 |     49 |      1 |    0 |         64 |
|     lbw                      |         line_buf_window__parameterized9_117 |        550 |        550 |       0 |    0 |    1856 |      0 |      0 |    0 |          0 |
|     scheduler                |         coord_scheduler__parameterized6_118 |        992 |        992 |       0 |    0 |      19 |      0 |      0 |    0 |          0 |
|   u_node_conv_258            |                               node_conv_258 |      24447 |      24447 |       0 |    0 |   21530 |     51 |      0 |    0 |        148 |
|     (u_node_conv_258)        |                               node_conv_258 |       8739 |       8739 |       0 |    0 |   10004 |      0 |      0 |    0 |          0 |
|     dp                       |         conv_datapath_mp_k__parameterized27 |       5279 |       5279 |       0 |    0 |    3315 |     51 |      0 |    0 |        148 |
|     lbw                      |        line_buf_window__parameterized10_115 |      10378 |      10378 |       0 |    0 |    8192 |      0 |      0 |    0 |          0 |
|     scheduler                |         coord_scheduler__parameterized6_116 |         51 |         51 |       0 |    0 |      19 |      0 |      0 |    0 |          0 |
|   u_node_conv_262            |                               node_conv_262 |      29827 |      29827 |       0 |    0 |   21617 |     47 |      0 |    0 |         64 |
|     (u_node_conv_262)        |                               node_conv_262 |       2308 |       2308 |       0 |    0 |    9878 |      0 |      0 |    0 |          0 |
|     dp                       |         conv_datapath_mp_k__parameterized28 |      25958 |      25958 |       0 |    0 |    9861 |     47 |      0 |    0 |         64 |
|     lbw                      |         line_buf_window__parameterized9_113 |        548 |        548 |       0 |    0 |    1856 |      0 |      0 |    0 |          0 |
|     scheduler                |         coord_scheduler__parameterized6_114 |       1013 |       1013 |       0 |    0 |      22 |      0 |      0 |    0 |          0 |
|   u_node_conv_268            |                               node_conv_268 |      31847 |      31847 |       0 |    0 |   21523 |     48 |      1 |    0 |         64 |
|     (u_node_conv_268)        |                               node_conv_268 |       2308 |       2308 |       0 |    0 |    9878 |      0 |      0 |    0 |          0 |
|     dp                       |         conv_datapath_mp_k__parameterized29 |      27976 |      27976 |       0 |    0 |    9767 |     48 |      1 |    0 |         64 |
|     lbw                      |         line_buf_window__parameterized9_111 |        550 |        550 |       0 |    0 |    1856 |      0 |      0 |    0 |          0 |
|     scheduler                |         coord_scheduler__parameterized6_112 |       1013 |       1013 |       0 |    0 |      22 |      0 |      0 |    0 |          0 |
|   u_node_conv_270            |                               node_conv_270 |      24734 |      24734 |       0 |    0 |   21534 |     51 |      0 |    0 |        148 |
|     (u_node_conv_270)        |                               node_conv_270 |       8739 |       8739 |       0 |    0 |   10004 |      0 |      0 |    0 |          0 |
|     dp                       |         conv_datapath_mp_k__parameterized30 |       5566 |       5566 |       0 |    0 |    3319 |     51 |      0 |    0 |        148 |
|     lbw                      |        line_buf_window__parameterized10_109 |      10378 |      10378 |       0 |    0 |    8192 |      0 |      0 |    0 |          0 |
|     scheduler                |         coord_scheduler__parameterized6_110 |         51 |         51 |       0 |    0 |      19 |      0 |      0 |    0 |          0 |
|   u_node_conv_274            |                               node_conv_274 |      32005 |      32005 |       0 |    0 |   21676 |     50 |      1 |    0 |         64 |
|     (u_node_conv_274)        |                               node_conv_274 |       2308 |       2308 |       0 |    0 |    9856 |      0 |      0 |    0 |          0 |
|     dp                       |         conv_datapath_mp_k__parameterized31 |      27919 |      27919 |       0 |    0 |    9775 |     50 |      1 |    0 |         64 |
|     lbw                      |         line_buf_window__parameterized9_107 |        609 |        609 |       0 |    0 |    2023 |      0 |      0 |    0 |          0 |
|     scheduler                |         coord_scheduler__parameterized6_108 |       1169 |       1169 |       0 |    0 |      22 |      0 |      0 |    0 |          0 |
|   u_node_conv_276            |                               node_conv_276 |      23741 |      23741 |       0 |    0 |   21473 |     54 |      1 |    0 |        160 |
|     (u_node_conv_276)        |                               node_conv_276 |       8739 |       8739 |       0 |    0 |   10004 |      0 |      0 |    0 |          0 |
|     dp                       |         conv_datapath_mp_k__parameterized32 |       4573 |       4573 |       0 |    0 |    3258 |     54 |      1 |    0 |        160 |
|     lbw                      |            line_buf_window__parameterized10 |      10378 |      10378 |       0 |    0 |    8192 |      0 |      0 |    0 |          0 |
|     scheduler                |         coord_scheduler__parameterized6_106 |         51 |         51 |       0 |    0 |      19 |      0 |      0 |    0 |          0 |
|   u_node_conv_280            |                               node_conv_280 |      30341 |      30341 |       0 |    0 |   21549 |     51 |      1 |    0 |         64 |
|     (u_node_conv_280)        |                               node_conv_280 |       2308 |       2308 |       0 |    0 |    9863 |      0 |      0 |    0 |          0 |
|     dp                       |         conv_datapath_mp_k__parameterized33 |      26488 |      26488 |       0 |    0 |    9811 |     51 |      1 |    0 |         64 |
|     lbw                      |             line_buf_window__parameterized9 |        553 |        553 |       0 |    0 |    1856 |      0 |      0 |    0 |          0 |
|     scheduler                |             coord_scheduler__parameterized6 |        992 |        992 |       0 |    0 |      19 |      0 |      0 |    0 |          0 |
|   u_node_conv_284            |                               node_conv_284 |     139279 |     139279 |       0 |    0 |   43399 |    703 |      1 |    0 |        176 |
|     (u_node_conv_284)        |                               node_conv_284 |       2995 |       2995 |       0 |    0 |    7817 |      0 |      0 |    0 |          0 |
|     dp                       |         conv_datapath_mp_k__parameterized34 |      13237 |      13237 |       0 |    0 |    6875 |    532 |      1 |    0 |        176 |
|     lbw                      |            line_buf_window__parameterized11 |     120798 |     120798 |       0 |    0 |   28667 |    171 |      0 |    0 |          0 |
|     scheduler                |             coord_scheduler__parameterized7 |       2249 |       2249 |       0 |    0 |      40 |      0 |      0 |    0 |          0 |
|   u_node_conv_288            |                               node_conv_288 |      45972 |      45972 |       0 |    0 |   48310 |    436 |      0 |    0 |        160 |
|     (u_node_conv_288)        |                               node_conv_288 |      11339 |      11339 |       0 |    0 |   23396 |      0 |      0 |    0 |          0 |
|     dp                       |         conv_datapath_mp_k__parameterized35 |      25509 |      25509 |       0 |    0 |   17731 |    436 |      0 |    0 |        160 |
|     lbw                      |            line_buf_window__parameterized12 |       9081 |       9081 |       0 |    0 |    7168 |      0 |      0 |    0 |          0 |
|   u_node_conv_292            |                               node_conv_292 |     142959 |     142959 |       0 |    0 |   44299 |    701 |      0 |    0 |        176 |
|     (u_node_conv_292)        |                               node_conv_292 |       4886 |       4886 |       0 |    0 |    7974 |      0 |      0 |    0 |          0 |
|     dp                       |         conv_datapath_mp_k__parameterized36 |      15045 |      15045 |       0 |    0 |    7615 |    530 |      0 |    0 |        176 |
|     lbw                      |        line_buf_window__parameterized13_104 |     120807 |     120807 |       0 |    0 |   28668 |    171 |      0 |    0 |          0 |
|     scheduler                |         coord_scheduler__parameterized9_105 |       2221 |       2221 |       0 |    0 |      42 |      0 |      0 |    0 |          0 |
|   u_node_conv_298            |                               node_conv_298 |     142425 |     142425 |       0 |    0 |   43356 |    677 |      0 |    0 |        176 |
|     (u_node_conv_298)        |                               node_conv_298 |       4862 |       4862 |       0 |    0 |    7974 |      0 |      0 |    0 |          0 |
|     dp                       |         conv_datapath_mp_k__parameterized37 |      14780 |      14780 |       0 |    0 |    6668 |    506 |      0 |    0 |        176 |
|     lbw                      |            line_buf_window__parameterized13 |     120549 |     120549 |       0 |    0 |   28668 |    171 |      0 |    0 |          0 |
|     scheduler                |             coord_scheduler__parameterized9 |       2234 |       2234 |       0 |    0 |      46 |      0 |      0 |    0 |          0 |
|   u_node_max_pool2d          |                             node_max_pool2d |       9924 |       9924 |       0 |    0 |    4396 |     21 |      3 |    0 |          0 |
|     (u_node_max_pool2d)      |                             node_max_pool2d |          2 |          2 |       0 |    0 |     774 |      0 |      0 |    0 |          0 |
|     u_lbw                    |             line_buf_window__parameterized0 |       9541 |       9541 |       0 |    0 |    3589 |     21 |      3 |    0 |          0 |
|     u_sched                  |             coord_scheduler__parameterized0 |        381 |        381 |       0 |    0 |      33 |      0 |      0 |    0 |          0 |
|   u_node_relu                |                                   node_relu |        524 |        228 |     296 |    0 |     229 |      0 |      0 |    0 |          0 |
|   u_node_relu_1              |                                 node_relu_1 |        458 |        458 |       0 |    0 |     747 |      0 |      0 |    0 |          0 |
|   u_node_relu_10             |                                node_relu_10 |        690 |        690 |       0 |    0 |    1262 |      0 |      0 |    0 |          0 |
|   u_node_relu_11             |                                node_relu_11 |        691 |        691 |       0 |    0 |    1262 |      0 |      0 |    0 |          0 |
|   u_node_relu_12             |                                node_relu_12 |       1463 |       1463 |       0 |    0 |    4378 |      0 |      0 |    0 |          0 |
|   u_node_relu_13             |                                node_relu_13 |        690 |        690 |       0 |    0 |    1262 |      0 |      0 |    0 |          0 |
|   u_node_relu_14             |                                node_relu_14 |        690 |        690 |       0 |    0 |    1262 |      0 |      0 |    0 |          0 |
|   u_node_relu_15             |                                node_relu_15 |       1463 |       1463 |       0 |    0 |    4377 |      0 |      0 |    0 |          0 |
|   u_node_relu_16             |                                node_relu_16 |        687 |        687 |       0 |    0 |    1259 |      0 |      0 |    0 |          0 |
|   u_node_relu_17             |                                node_relu_17 |        692 |        692 |       0 |    0 |    1263 |      0 |      0 |    0 |          0 |
|   u_node_relu_18             |                                node_relu_18 |       1461 |       1461 |       0 |    0 |    4376 |      0 |      0 |    0 |          0 |
|   u_node_relu_19             |                                node_relu_19 |        688 |        688 |       0 |    0 |    1260 |      0 |      0 |    0 |          0 |
|   u_node_relu_2              |                                 node_relu_2 |        442 |        442 |       0 |    0 |     744 |      0 |      0 |    0 |          0 |
|   u_node_relu_20             |                                node_relu_20 |        690 |        690 |       0 |    0 |    1262 |      0 |      0 |    0 |          0 |
|   u_node_relu_21             |                                node_relu_21 |       1461 |       1461 |       0 |    0 |    4376 |      0 |      0 |    0 |          0 |
|   u_node_relu_22             |                                node_relu_22 |       1041 |       1041 |       0 |    0 |    2300 |      0 |      0 |    0 |          0 |
|   u_node_relu_23             |                                node_relu_23 |       1041 |       1041 |       0 |    0 |    2300 |      0 |      0 |    0 |          0 |
|   u_node_relu_24             |                                node_relu_24 |       2769 |       2769 |       0 |    0 |    8477 |      0 |      0 |    0 |          0 |
|   u_node_relu_25             |                                node_relu_25 |       1042 |       1042 |       0 |    0 |    2300 |      0 |      0 |    0 |          0 |
|   u_node_relu_26             |                                node_relu_26 |       1041 |       1041 |       0 |    0 |    2300 |      0 |      0 |    0 |          0 |
|   u_node_relu_27             |                                node_relu_27 |       2789 |       2789 |       0 |    0 |    8495 |      0 |      0 |    0 |          0 |
|   u_node_relu_28             |                                node_relu_28 |       1042 |       1042 |       0 |    0 |    2300 |      0 |      0 |    0 |          0 |
|   u_node_relu_29             |                                node_relu_29 |       1041 |       1041 |       0 |    0 |    2300 |      0 |      0 |    0 |          0 |
|   u_node_relu_3              |                                 node_relu_3 |       1042 |       1042 |       0 |    0 |    2300 |      0 |      0 |    0 |          0 |
|   u_node_relu_30             |                                node_relu_30 |       2768 |       2768 |       0 |    0 |    8476 |      0 |      0 |    0 |          0 |
|   u_node_relu_31             |                                node_relu_31 |       1043 |       1043 |       0 |    0 |    2301 |      0 |      0 |    0 |          0 |
|   u_node_relu_32             |                                node_relu_32 |       1041 |       1041 |       0 |    0 |    2300 |      0 |      0 |    0 |          0 |
|   u_node_relu_33             |                                node_relu_33 |       2768 |       2768 |       0 |    0 |    8476 |      0 |      0 |    0 |          0 |
|   u_node_relu_34             |                                node_relu_34 |       1044 |       1044 |       0 |    0 |    2302 |      0 |      0 |    0 |          0 |
|   u_node_relu_35             |                                node_relu_35 |       1082 |       1082 |       0 |    0 |    2299 |      0 |      0 |    0 |          0 |
|   u_node_relu_36             |                                node_relu_36 |       2769 |       2769 |       0 |    0 |    8477 |      0 |      0 |    0 |          0 |
|   u_node_relu_37             |                                node_relu_37 |       1044 |       1044 |       0 |    0 |    2302 |      0 |      0 |    0 |          0 |
|   u_node_relu_38             |                                node_relu_38 |       1041 |       1041 |       0 |    0 |    2300 |      0 |      0 |    0 |          0 |
|   u_node_relu_39             |                                node_relu_39 |       2767 |       2767 |       0 |    0 |    8474 |      0 |      0 |    0 |          0 |
|   u_node_relu_4              |                                 node_relu_4 |        444 |        444 |       0 |    0 |     747 |      0 |      0 |    0 |          0 |
|   u_node_relu_40             |                                node_relu_40 |       1439 |       1439 |       0 |    0 |    4355 |      0 |      0 |    0 |          0 |
|   u_node_relu_41             |                                node_relu_41 |       1460 |       1460 |       0 |    0 |    4375 |      0 |      0 |    0 |          0 |
|   u_node_relu_42             |                                node_relu_42 |       4876 |       4876 |       0 |    0 |   16657 |      0 |      0 |    0 |          0 |
|   u_node_relu_43             |                                node_relu_43 |       1467 |       1467 |       0 |    0 |    4380 |      0 |      0 |    0 |          0 |
|   u_node_relu_44             |                                node_relu_44 |       1461 |       1461 |       0 |    0 |    4376 |      0 |      0 |    0 |          0 |
|   u_node_relu_45             |                                node_relu_45 |       4961 |       4961 |       0 |    0 |   16756 |      0 |      0 |    0 |          0 |
|   u_node_relu_46             |                                node_relu_46 |       1463 |       1463 |       0 |    0 |    4377 |      0 |      0 |    0 |          0 |
|   u_node_relu_47             |                                node_relu_47 |       1461 |       1461 |       0 |    0 |    4375 |      0 |      0 |    0 |          0 |
|   u_node_relu_48             |                                node_relu_48 |       4962 |       4962 |       0 |    0 |   16757 |      0 |      0 |    0 |          0 |
|   u_node_relu_5              |                                 node_relu_5 |        444 |        444 |       0 |    0 |     747 |      0 |      0 |    0 |          0 |
|   u_node_relu_6              |                                 node_relu_6 |       1039 |       1039 |       0 |    0 |    2299 |      0 |      0 |    0 |          0 |
|   u_node_relu_7              |                                 node_relu_7 |        446 |        446 |       0 |    0 |     746 |      0 |      0 |    0 |          0 |
|   u_node_relu_8              |                                 node_relu_8 |        456 |        456 |       0 |    0 |     746 |      0 |      0 |    0 |          0 |
|   u_node_relu_9              |                                 node_relu_9 |       1082 |       1082 |       0 |    0 |    2298 |      0 |      0 |    0 |          0 |
|   u_scheduler                |                            nn2rtl_scheduler |        128 |        128 |       0 |    0 |      20 |      0 |      0 |    0 |          0 |
|   u_shared_engine            |                               shared_engine |     143166 |     143165 |       0 |    1 |   39300 |      0 |      0 |    0 |        771 |
|     (u_shared_engine)        |                               shared_engine |          5 |          5 |       0 |    0 |    2111 |      0 |      0 |    0 |          0 |
|     u_address_generator      |                           address_generator |       4258 |       4258 |       0 |    0 |     165 |      0 |      0 |    0 |          3 |
|     u_bram_to_stream_bridge  |                       bram_to_stream_bridge |        192 |        192 |       0 |    0 |    2066 |      0 |      0 |    0 |          0 |
|     u_config_register_block  |                       config_register_block |        499 |        499 |       0 |    0 |     138 |      0 |      0 |    0 |          0 |
|     u_mac_array              |                                   mac_array |       8737 |       8737 |       0 |    0 |    8193 |      0 |      0 |    0 |        256 |
|     u_requant_pipeline       |                            requant_pipeline |     129492 |     129491 |       0 |    1 |   26627 |      0 |      0 |    0 |        512 |
|   u_skid_ldr_290             |                   skip_fifo__parameterized6 |        155 |          7 |     148 |    0 |       6 |      0 |      0 |    0 |          0 |
|   u_skid_ldr_296             |                 skip_fifo__parameterized6_7 |        155 |          7 |     148 |    0 |       6 |      0 |      0 |    0 |          0 |
|   u_skid_mp_to_c198          |                                   skip_fifo |        158 |         10 |     148 |    0 |       4 |      0 |      0 |    0 |          0 |
|   u_skid_node_conv_200       |                                 skip_fifo_8 |        154 |          6 |     148 |    0 |       4 |      0 |      0 |    0 |          0 |
|   u_skid_node_conv_202       |                                 skip_fifo_9 |        158 |         10 |     148 |    0 |       4 |      0 |      0 |    0 |          0 |
|   u_skid_node_conv_204       |                                skip_fifo_10 |        159 |         11 |     148 |    0 |       4 |      0 |      0 |    0 |          0 |
|   u_skid_node_conv_206       |                                skip_fifo_11 |        153 |          5 |     148 |    0 |       4 |      0 |      0 |    0 |          0 |
|   u_skid_node_conv_208       |                                skip_fifo_12 |        154 |          6 |     148 |    0 |       4 |      0 |      0 |    0 |          0 |
|   u_skid_node_conv_210       |                                skip_fifo_13 |        158 |         10 |     148 |    0 |       4 |      0 |      0 |    0 |          0 |
|   u_skid_node_conv_212       |                                skip_fifo_14 |        153 |          5 |     148 |    0 |       4 |      0 |      0 |    0 |          0 |
|   u_skid_node_conv_214       |                                skip_fifo_15 |        154 |          6 |     148 |    0 |       4 |      0 |      0 |    0 |          0 |
|   u_skid_node_conv_216       |                                skip_fifo_16 |        158 |         10 |     148 |    0 |       4 |      0 |      0 |    0 |          0 |
|   u_skid_node_conv_218       |                   skip_fifo__parameterized0 |        971 |        387 |     584 |    0 |      35 |      0 |      0 |    0 |          0 |
|   u_skid_node_conv_220       |                   skip_fifo__parameterized1 |       1466 |        298 |    1168 |    0 |      62 |      0 |      0 |    0 |          0 |
|   u_skid_node_conv_222       |                                skip_fifo_17 |        153 |          5 |     148 |    0 |       4 |      0 |      0 |    0 |          0 |
|   u_skid_node_conv_224       |                   skip_fifo__parameterized2 |       2922 |        586 |    2336 |    0 |     115 |      0 |      0 |    0 |          0 |
|   u_skid_node_conv_226       |                                skip_fifo_18 |        153 |          5 |     148 |    0 |       4 |      0 |      0 |    0 |          0 |
|   u_skid_node_conv_228       |                                skip_fifo_19 |        153 |          5 |     148 |    0 |       4 |      0 |      0 |    0 |          0 |
|   u_skid_node_conv_230       |                                skip_fifo_20 |        153 |          5 |     148 |    0 |       4 |      0 |      0 |    0 |          0 |
|   u_skid_node_conv_232       |                                skip_fifo_21 |        153 |          5 |     148 |    0 |       4 |      0 |      0 |    0 |          0 |
|   u_skid_node_conv_234       |                                skip_fifo_22 |        154 |          6 |     148 |    0 |       4 |      0 |      0 |    0 |          0 |
|   u_skid_node_conv_236       |                                skip_fifo_23 |        153 |          5 |     148 |    0 |       4 |      0 |      0 |    0 |          0 |
|   u_skid_node_conv_238       |                                skip_fifo_24 |        153 |          5 |     148 |    0 |       4 |      0 |      0 |    0 |          0 |
|   u_skid_node_conv_240       |                                skip_fifo_25 |        153 |          5 |     148 |    0 |       4 |      0 |      0 |    0 |          0 |
|   u_skid_node_conv_242       |                                skip_fifo_26 |        154 |          6 |     148 |    0 |       4 |      0 |      0 |    0 |          0 |
|   u_skid_node_conv_244       |                skip_fifo__parameterized0_27 |        742 |        158 |     584 |    0 |      31 |      0 |      0 |    0 |          0 |
|   u_skid_node_conv_248       |                   skip_fifo__parameterized4 |      11520 |       2176 |    9344 |    0 |      61 |      0 |      0 |    0 |          0 |
|   u_skid_node_conv_252       |                                skip_fifo_28 |        153 |          5 |     148 |    0 |       4 |      0 |      0 |    0 |          0 |
|   u_skid_node_conv_256       |                skip_fifo__parameterized4_29 |      11520 |       2176 |    9344 |    0 |      61 |      0 |      0 |    0 |          0 |
|   u_skid_node_conv_258       |                                skip_fifo_30 |        153 |          5 |     148 |    0 |       4 |      0 |      0 |    0 |          0 |
|   u_skid_node_conv_262       |                skip_fifo__parameterized4_31 |      11520 |       2176 |    9344 |    0 |      61 |      0 |      0 |    0 |          0 |
|   u_skid_node_conv_268       |                skip_fifo__parameterized4_32 |      11520 |       2176 |    9344 |    0 |      61 |      0 |      0 |    0 |          0 |
|   u_skid_node_conv_270       |                                skip_fifo_33 |        153 |          5 |     148 |    0 |       4 |      0 |      0 |    0 |          0 |
|   u_skid_node_conv_274       |                skip_fifo__parameterized4_34 |      11512 |       2168 |    9344 |    0 |      62 |      0 |      0 |    0 |          0 |
|   u_skid_node_conv_276       |                                skip_fifo_35 |        153 |          5 |     148 |    0 |       4 |      0 |      0 |    0 |          0 |
|   u_skid_node_conv_280       |                skip_fifo__parameterized4_36 |      11521 |       2177 |    9344 |    0 |      62 |      0 |      0 |    0 |          0 |
|   u_skid_node_conv_284       |                   skip_fifo__parameterized5 |      23055 |       4367 |   18688 |    0 |     119 |      0 |      0 |    0 |          0 |
|   u_skid_node_conv_288       |                skip_fifo__parameterized5_37 |      22733 |       4045 |   18688 |    0 |     253 |      0 |      0 |    0 |          0 |
|   u_skid_node_conv_292       |                   skip_fifo__parameterized3 |       5944 |       1272 |    4672 |    0 |     266 |      0 |      0 |    0 |          0 |
|   u_skid_node_conv_298       |                skip_fifo__parameterized3_38 |       5932 |       1260 |    4672 |    0 |     250 |      0 |      0 |    0 |          0 |
|   u_skid_node_max_pool2d     |                                skip_fifo_39 |        154 |          6 |     148 |    0 |       4 |      0 |      0 |    0 |          0 |
|   u_skid_node_relu           |                                skip_fifo_40 |        156 |          8 |     148 |    0 |       4 |      0 |      0 |    0 |          0 |
|   u_skid_node_relu_1         |                                skip_fifo_41 |        158 |         10 |     148 |    0 |       4 |      0 |      0 |    0 |          0 |
|   u_skid_node_relu_10        |                                skip_fifo_42 |        154 |          6 |     148 |    0 |       4 |      0 |      0 |    0 |          0 |
|   u_skid_node_relu_11        |                                skip_fifo_43 |        153 |          5 |     148 |    0 |       4 |      0 |      0 |    0 |          0 |
|   u_skid_node_relu_12        |                                skip_fifo_44 |        153 |          5 |     148 |    0 |       4 |      0 |      0 |    0 |          0 |
|   u_skid_node_relu_13        |                                skip_fifo_45 |        154 |          6 |     148 |    0 |       4 |      0 |      0 |    0 |          0 |
|   u_skid_node_relu_14        |                                skip_fifo_46 |        154 |          6 |     148 |    0 |       4 |      0 |      0 |    0 |          0 |
|   u_skid_node_relu_15        |                                skip_fifo_47 |        153 |          5 |     148 |    0 |       4 |      0 |      0 |    0 |          0 |
|   u_skid_node_relu_16        |                                skip_fifo_48 |        155 |          7 |     148 |    0 |       4 |      0 |      0 |    0 |          0 |
|   u_skid_node_relu_17        |                                skip_fifo_49 |        154 |          6 |     148 |    0 |       4 |      0 |      0 |    0 |          0 |
|   u_skid_node_relu_18        |                                skip_fifo_50 |        153 |          5 |     148 |    0 |       4 |      0 |      0 |    0 |          0 |
|   u_skid_node_relu_19        |                                skip_fifo_51 |        154 |          6 |     148 |    0 |       4 |      0 |      0 |    0 |          0 |
|   u_skid_node_relu_2         |                                skip_fifo_52 |        154 |          6 |     148 |    0 |       4 |      0 |      0 |    0 |          0 |
|   u_skid_node_relu_20        |                                skip_fifo_53 |        155 |          7 |     148 |    0 |       4 |      0 |      0 |    0 |          0 |
|   u_skid_node_relu_21        |                                skip_fifo_54 |        154 |          6 |     148 |    0 |       4 |      0 |      0 |    0 |          0 |
|   u_skid_node_relu_22        |                                skip_fifo_55 |        156 |          8 |     148 |    0 |       4 |      0 |      0 |    0 |          0 |
|   u_skid_node_relu_23        |                skip_fifo__parameterized3_56 |       5863 |       1127 |    4736 |    0 |      83 |      0 |      0 |    0 |          0 |
|   u_skid_node_relu_24        |                                skip_fifo_57 |        153 |          5 |     148 |    0 |       4 |      0 |      0 |    0 |          0 |
|   u_skid_node_relu_25        |                                skip_fifo_58 |        155 |          7 |     148 |    0 |       4 |      0 |      0 |    0 |          0 |
|   u_skid_node_relu_26        |                skip_fifo__parameterized3_59 |       5801 |       1065 |    4736 |    0 |      22 |      0 |      0 |    0 |          0 |
|   u_skid_node_relu_27        |                                skip_fifo_60 |        153 |          5 |     148 |    0 |       4 |      0 |      0 |    0 |          0 |
|   u_skid_node_relu_28        |                                skip_fifo_61 |        155 |          7 |     148 |    0 |       4 |      0 |      0 |    0 |          0 |
|   u_skid_node_relu_29        |                skip_fifo__parameterized3_62 |       5801 |       1065 |    4736 |    0 |      22 |      0 |      0 |    0 |          0 |
|   u_skid_node_relu_3         |                                skip_fifo_63 |        155 |          7 |     148 |    0 |       4 |      0 |      0 |    0 |          0 |
|   u_skid_node_relu_30        |                                skip_fifo_64 |        153 |          5 |     148 |    0 |       4 |      0 |      0 |    0 |          0 |
|   u_skid_node_relu_31        |                skip_fifo__parameterized3_65 |       6001 |       1265 |    4736 |    0 |     220 |      0 |      0 |    0 |          0 |
|   u_skid_node_relu_32        |                skip_fifo__parameterized3_66 |       5897 |       1161 |    4736 |    0 |     116 |      0 |      0 |    0 |          0 |
|   u_skid_node_relu_33        |                                skip_fifo_67 |        153 |          5 |     148 |    0 |       4 |      0 |      0 |    0 |          0 |
|   u_skid_node_relu_34        |                                skip_fifo_68 |        155 |          7 |     148 |    0 |       4 |      0 |      0 |    0 |          0 |
|   u_skid_node_relu_35        |                skip_fifo__parameterized3_69 |       5837 |       1101 |    4736 |    0 |      59 |      0 |      0 |    0 |          0 |
|   u_skid_node_relu_36        |                                skip_fifo_70 |        153 |          5 |     148 |    0 |       4 |      0 |      0 |    0 |          0 |
|   u_skid_node_relu_37        |                                skip_fifo_71 |        155 |          7 |     148 |    0 |       4 |      0 |      0 |    0 |          0 |
|   u_skid_node_relu_38        |                skip_fifo__parameterized3_72 |       5889 |       1153 |    4736 |    0 |     109 |      0 |      0 |    0 |          0 |
|   u_skid_node_relu_39        |                                skip_fifo_73 |        153 |          5 |     148 |    0 |       4 |      0 |      0 |    0 |          0 |
|   u_skid_node_relu_4         |                                skip_fifo_74 |        158 |         10 |     148 |    0 |       4 |      0 |      0 |    0 |          0 |
|   u_skid_node_relu_40        |                skip_fifo__parameterized4_75 |      11859 |       2387 |    9472 |    0 |      56 |      0 |      0 |    0 |          0 |
|   u_skid_node_relu_41        |                                skip_fifo_76 |        154 |          6 |     148 |    0 |       4 |      0 |      0 |    0 |          0 |
|   u_skid_node_relu_42        |                                skip_fifo_77 |        154 |          6 |     148 |    0 |       4 |      0 |      0 |    0 |          0 |
|   u_skid_node_relu_43        |                skip_fifo__parameterized2_78 |       2968 |        600 |    2368 |    0 |      80 |      0 |      0 |    0 |          0 |
|   u_skid_node_relu_44        |                                skip_fifo_79 |        154 |          6 |     148 |    0 |       4 |      0 |      0 |    0 |          0 |
|   u_skid_node_relu_45        |                                skip_fifo_80 |        154 |          6 |     148 |    0 |       4 |      0 |      0 |    0 |          0 |
|   u_skid_node_relu_46        |                skip_fifo__parameterized2_81 |       2951 |        583 |    2368 |    0 |      61 |      0 |      0 |    0 |          0 |
|   u_skid_node_relu_47        |                                skip_fifo_82 |        154 |          6 |     148 |    0 |       4 |      0 |      0 |    0 |          0 |
|   u_skid_node_relu_48        |                                skip_fifo_83 |        154 |          6 |     148 |    0 |       4 |      0 |      0 |    0 |          0 |
|   u_skid_node_relu_5         |                                skip_fifo_84 |        158 |         10 |     148 |    0 |       4 |      0 |      0 |    0 |          0 |
|   u_skid_node_relu_6         |                                skip_fifo_85 |        155 |          7 |     148 |    0 |       4 |      0 |      0 |    0 |          0 |
|   u_skid_node_relu_7         |                                skip_fifo_86 |        153 |          5 |     148 |    0 |       4 |      0 |      0 |    0 |          0 |
|   u_skid_node_relu_8         |                                skip_fifo_87 |        158 |         10 |     148 |    0 |       4 |      0 |      0 |    0 |          0 |
|   u_skid_node_relu_9         |                                skip_fifo_88 |        154 |          6 |     148 |    0 |       4 |      0 |      0 |    0 |          0 |
|   u_skip_node_add            |                skip_fifo__parameterized2_89 |       3019 |        651 |    2368 |    0 |      84 |      0 |      0 |    0 |          0 |
|   u_skip_node_add_1          |                skip_fifo__parameterized2_90 |       3088 |        752 |    2336 |    0 |     134 |      0 |      0 |    0 |          0 |
|   u_skip_node_add_10         |                   skip_fifo__parameterized7 |      50326 |      12950 |   37376 |    0 |     200 |      0 |      0 |    0 |          0 |
|   u_skip_node_add_11         |                skip_fifo__parameterized7_91 |      50349 |      12973 |   37376 |    0 |     280 |      0 |      0 |    0 |          0 |
|   u_skip_node_add_12         |                skip_fifo__parameterized7_92 |      50349 |      12973 |   37376 |    0 |     280 |      0 |      0 |    0 |          0 |
|   u_skip_node_add_13         |                skip_fifo__parameterized5_93 |      23517 |       4573 |   18944 |    0 |     155 |      0 |      0 |    0 |          0 |
|   u_skip_node_add_14         |                skip_fifo__parameterized5_94 |      23554 |       4610 |   18944 |    0 |     155 |      0 |      0 |    0 |          0 |
|   u_skip_node_add_15         |                skip_fifo__parameterized5_95 |      23525 |       4581 |   18944 |    0 |     128 |      0 |      0 |    0 |          0 |
|   u_skip_node_add_2          |                skip_fifo__parameterized2_96 |       3067 |        731 |    2336 |    0 |     104 |      0 |      0 |    0 |          0 |
|   u_skip_node_add_3          |                skip_fifo__parameterized2_97 |       3018 |        650 |    2368 |    0 |     129 |      0 |      0 |    0 |          0 |
|   u_skip_node_add_4          |                skip_fifo__parameterized3_98 |       5753 |       1081 |    4672 |    0 |      73 |      0 |      0 |    0 |          0 |
|   u_skip_node_add_5          |                skip_fifo__parameterized3_99 |       5946 |       1274 |    4672 |    0 |     263 |      0 |      0 |    0 |          0 |
|   u_skip_node_add_6          |               skip_fifo__parameterized3_100 |       5941 |       1269 |    4672 |    0 |     258 |      0 |      0 |    0 |          0 |
|   u_skip_node_add_7          |                               skip_fifo_101 |        156 |          8 |     148 |    0 |       4 |      0 |      0 |    0 |          0 |
|   u_skip_node_add_8          |               skip_fifo__parameterized7_102 |      50309 |      12933 |   37376 |    0 |     281 |      0 |      0 |    0 |          0 |
|   u_skip_node_add_9          |               skip_fifo__parameterized7_103 |      50350 |      12974 |   37376 |    0 |     280 |      0 |      0 |    0 |          0 |
+------------------------------+---------------------------------------------+------------+------------+---------+------+---------+--------+--------+------+------------+


