Copyright 1986-2022 Xilinx, Inc. All Rights Reserved. Copyright 2022-2025 Advanced Micro Devices, Inc. All Rights Reserved.
-----------------------------------------------------------------------------------------------------------------------------------------------------------
| Tool Version     : Vivado v.2025.2 (win64) Build 6299465 Fri Nov 14 19:35:11 GMT 2025
| Date             : Fri Jun  5 00:15:53 2026
| Host             : DESKTOP-5HHECFE running 64-bit major release  (build 9200)
| Command          : report_power -file C:/Users/User/Desktop/RTL_LLM_CLAUDE/nn2rtl-repo/output/reports_integrated/postroute_chanwindow2_power.rpt
| Design           : nn2rtl_top
| Device           : xcu250-figd2104-2L-e
| Design State     : routed
| Grade            : extended
| Process          : typical
| Characterization : Production
-----------------------------------------------------------------------------------------------------------------------------------------------------------

Power Report

Table of Contents
-----------------
1. Summary
1.1 On-Chip Components
1.2 Power Supply Summary
1.3 Confidence Level
2. Settings
2.1 Environment
2.2 Clock Constraints
3. Detailed Reports
3.1 By Hierarchy

1. Summary
----------

+--------------------------+--------------+
| Total On-Chip Power (W)  | 6.607        |
| Design Power Budget (W)  | Unspecified* |
| Power Budget Margin (W)  | NA           |
| Dynamic (W)              | 3.466        |
| Device Static (W)        | 3.141        |
| Effective TJA (C/W)      | 0.5          |
| Max Ambient (C)          | 96.6         |
| Junction Temperature (C) | 28.4         |
| Confidence Level         | Low          |
| Setting File             | ---          |
| Simulation Activity File | ---          |
| Design Nets Matched      | NA           |
+--------------------------+--------------+
* Specify Design Power Budget using, set_operating_conditions -design_power_budget <value in Watts>


1.1 On-Chip Components
----------------------

+--------------------------+-----------+----------+-----------+-----------------+
| On-Chip                  | Power (W) | Used     | Available | Utilization (%) |
+--------------------------+-----------+----------+-----------+-----------------+
| Clocks                   |     0.476 |        3 |       --- |             --- |
| CLB Logic                |     0.685 |  2746341 |       --- |             --- |
|   LUT as Logic           |     0.644 |  1036337 |   1728000 |           59.97 |
|   CARRY8                 |     0.031 |    22342 |    216000 |           10.34 |
|   Register               |     0.009 |  1306955 |   3456000 |           37.82 |
|   LUT as Distributed RAM |     0.001 |    12564 |    791040 |            1.59 |
|   LUT as Shift Register  |    <0.001 |       10 |    791040 |           <0.01 |
|   BUFG                   |    <0.001 |       77 |       128 |           60.16 |
|   Others                 |     0.000 |      808 |       --- |             --- |
|   F7/F8 Muxes            |     0.000 |   175232 |   1728000 |           10.14 |
| Signals                  |     0.857 |  2337299 |       --- |             --- |
| Block RAM                |     0.436 |     2544 |      2688 |           94.64 |
| URAM                     |     0.573 |     1163 |      1280 |           90.86 |
| DSPs                     |     0.352 |     8197 |     12288 |           66.71 |
| I/O                      |     0.087 |      328 |       676 |           48.52 |
| Static Power             |     3.141 |          |           |                 |
| Total                    |     6.607 |          |           |                 |
+--------------------------+-----------+----------+-----------+-----------------+


1.2 Power Supply Summary
------------------------

+------------------+-------------+-----------+-------------+------------+-------------+-------------+------------+
| Source           | Voltage (V) | Total (A) | Dynamic (A) | Static (A) | Powerup (A) | Budget (A)  | Margin (A) |
+------------------+-------------+-----------+-------------+------------+-------------+-------------+------------+
| Vccint           |       0.850 |     5.303 |       3.944 |      1.359 |       NA    | Unspecified | NA         |
| Vccint_io        |       0.850 |     0.143 |       0.000 |      0.143 |       NA    | Unspecified | NA         |
| Vccbram          |       0.850 |     0.071 |       0.032 |      0.040 |       NA    | Unspecified | NA         |
| Vccaux           |       1.800 |     0.880 |       0.000 |      0.880 |       NA    | Unspecified | NA         |
| Vccaux_io        |       1.800 |     0.152 |       0.048 |      0.104 |       NA    | Unspecified | NA         |
| Vcco33           |       3.300 |     0.000 |       0.000 |      0.000 |       NA    | Unspecified | NA         |
| Vcco25           |       2.500 |     0.000 |       0.000 |      0.000 |       NA    | Unspecified | NA         |
| Vcco18           |       1.800 |     0.000 |       0.000 |      0.000 |       NA    | Unspecified | NA         |
| Vcco15           |       1.500 |     0.000 |       0.000 |      0.000 |       NA    | Unspecified | NA         |
| Vcco135          |       1.350 |     0.000 |       0.000 |      0.000 |       NA    | Unspecified | NA         |
| Vcco12           |       1.200 |     0.000 |       0.000 |      0.000 |       NA    | Unspecified | NA         |
| Vcco10           |       1.000 |     0.000 |       0.000 |      0.000 |       NA    | Unspecified | NA         |
| Vccadc           |       1.800 |     0.032 |       0.000 |      0.032 |       NA    | Unspecified | NA         |
| VMGTAVCC (GTY)   |       0.900 |     0.000 |       0.000 |      0.000 |       NA    | Unspecified | NA         |
| VMGTAVTT (GTY)   |       1.200 |     0.000 |       0.000 |      0.000 |       NA    | Unspecified | NA         |
| VMGTVCCAUX (GTY) |       1.800 |     0.000 |       0.000 |      0.000 |       NA    | Unspecified | NA         |
+------------------+-------------+-----------+-------------+------------+-------------+-------------+------------+


1.3 Confidence Level
--------------------

+-----------------------------+------------+--------------------------------------------------------+------------------------------------------------------------------------------------------------------------+
| User Input Data             | Confidence | Details                                                | Action                                                                                                     |
+-----------------------------+------------+--------------------------------------------------------+------------------------------------------------------------------------------------------------------------+
| Design implementation state | High       | Design is routed                                       |                                                                                                            |
| Clock nodes activity        | High       | User specified more than 95% of clocks                 |                                                                                                            |
| I/O nodes activity          | Low        | More than 75% of inputs are missing user specification | Provide missing input activity with simulation results or by editing the "By Resource Type -> I/Os" view   |
| Internal nodes activity     | Medium     | User specified less than 25% of internal nodes         | Provide missing internal nodes activity with simulation results or by editing the "By Resource Type" views |
| Device models               | High       | Device models are Production                           |                                                                                                            |
|                             |            |                                                        |                                                                                                            |
| Overall confidence level    | Low        |                                                        |                                                                                                            |
+-----------------------------+------------+--------------------------------------------------------+------------------------------------------------------------------------------------------------------------+


2. Settings
-----------

2.1 Environment
---------------

+-----------------------+--------------------------+
| Ambient Temp (C)      | 25.0                     |
| ThetaJA (C/W)         | 0.5                      |
| Airflow (LFM)         | 250                      |
| Heat Sink             | medium (Medium Profile)  |
| ThetaSA (C/W)         | 0.7                      |
| Board Selection       | medium (10"x10")         |
| # of Board Layers     | 12to15 (12 to 15 Layers) |
| Board Temperature (C) | 25.0                     |
+-----------------------+--------------------------+


2.2 Clock Constraints
---------------------

+-------+--------+-----------------+
| Clock | Domain | Constraint (ns) |
+-------+--------+-----------------+
| clk   | clk    |            40.0 |
+-------+--------+-----------------+


3. Detailed Reports
-------------------

3.1 By Hierarchy
----------------

+-----------------------------+-----------+
| Name                        | Power (W) |
+-----------------------------+-----------+
| nn2rtl_top                  |     3.466 |
|   u_act_mem                 |     0.041 |
|   u_bias_mem                |     0.021 |
|   u_engine_out_fifo         |     0.008 |
|   u_ldr_node_conv_246       |     0.003 |
|   u_ldr_node_conv_250       |     0.001 |
|   u_ldr_node_conv_254       |     0.001 |
|   u_ldr_node_conv_260       |     0.002 |
|   u_ldr_node_conv_264       |     0.002 |
|   u_ldr_node_conv_266       |     0.001 |
|   u_ldr_node_conv_272       |     0.002 |
|   u_ldr_node_conv_278       |     0.002 |
|   u_ldr_node_conv_282       |     0.002 |
|   u_ldr_node_conv_286       |     0.003 |
|   u_ldr_node_conv_290       |     0.001 |
|   u_ldr_node_conv_294       |     0.002 |
|   u_ldr_node_conv_296       |     0.002 |
|   u_ldr_node_conv_300       |     0.002 |
|   u_node_add                |     0.006 |
|   u_node_add_1              |     0.003 |
|   u_node_add_10             |     0.015 |
|   u_node_add_11             |     0.014 |
|   u_node_add_12             |     0.015 |
|   u_node_add_13             |     0.027 |
|   u_node_add_14             |     0.021 |
|   u_node_add_15             |     0.022 |
|   u_node_add_2              |     0.004 |
|   u_node_add_3              |     0.016 |
|   u_node_add_4              |     0.007 |
|   u_node_add_5              |     0.006 |
|   u_node_add_6              |     0.007 |
|   u_node_add_7              |     0.014 |
|   u_node_add_8              |     0.014 |
|   u_node_add_9              |     0.013 |
|   u_node_conv_196           |     0.031 |
|     dp                      |     0.023 |
|     lbw                     |     0.008 |
|   u_node_conv_198           |     0.024 |
|     dp                      |     0.022 |
|   u_node_conv_200           |     0.044 |
|     dp                      |     0.023 |
|     lbw                     |     0.020 |
|   u_node_conv_202           |     0.033 |
|     dp                      |     0.031 |
|   u_node_conv_204           |     0.029 |
|     dp                      |     0.027 |
|   u_node_conv_206           |     0.025 |
|     dp                      |     0.023 |
|   u_node_conv_208           |     0.045 |
|     dp                      |     0.023 |
|     lbw                     |     0.021 |
|   u_node_conv_210           |     0.027 |
|     dp                      |     0.026 |
|   u_node_conv_212           |     0.024 |
|     dp                      |     0.022 |
|   u_node_conv_214           |     0.044 |
|     dp                      |     0.023 |
|     lbw                     |     0.020 |
|   u_node_conv_216           |     0.029 |
|     dp                      |     0.027 |
|   u_node_conv_218           |     0.028 |
|     dp                      |     0.026 |
|   u_node_conv_220           |     0.065 |
|     dp                      |     0.026 |
|     lbw                     |     0.039 |
|   u_node_conv_222           |     0.035 |
|     dp                      |     0.033 |
|   u_node_conv_224           |     0.046 |
|     dp                      |     0.043 |
|   u_node_conv_226           |     0.030 |
|     dp                      |     0.026 |
|     lbw                     |     0.002 |
|   u_node_conv_228           |     0.067 |
|     dp                      |     0.028 |
|     lbw                     |     0.038 |
|   u_node_conv_230           |     0.035 |
|     dp                      |     0.033 |
|   u_node_conv_232           |     0.030 |
|     dp                      |     0.026 |
|     lbw                     |     0.002 |
|   u_node_conv_234           |     0.066 |
|     dp                      |     0.027 |
|     lbw                     |     0.038 |
|   u_node_conv_236           |     0.034 |
|     dp                      |     0.032 |
|   u_node_conv_238           |     0.029 |
|     dp                      |     0.025 |
|     lbw                     |     0.002 |
|   u_node_conv_240           |     0.067 |
|     dp                      |     0.028 |
|     lbw                     |     0.038 |
|   u_node_conv_242           |     0.035 |
|     dp                      |     0.032 |
|   u_node_conv_244           |     0.036 |
|     dp                      |     0.032 |
|     lbw                     |     0.002 |
|   u_node_conv_248           |     0.063 |
|     dp                      |     0.058 |
|   u_node_conv_252           |     0.042 |
|     dp                      |     0.032 |
|     lbw                     |     0.004 |
|   u_node_conv_256           |     0.060 |
|     dp                      |     0.055 |
|     lbw                     |     0.001 |
|   u_node_conv_258           |     0.042 |
|     dp                      |     0.032 |
|     lbw                     |     0.004 |
|   u_node_conv_262           |     0.060 |
|     dp                      |     0.055 |
|     lbw                     |     0.001 |
|   u_node_conv_268           |     0.063 |
|     dp                      |     0.058 |
|     lbw                     |     0.001 |
|   u_node_conv_270           |     0.046 |
|     dp                      |     0.037 |
|     lbw                     |     0.004 |
|   u_node_conv_274           |     0.059 |
|     dp                      |     0.054 |
|     lbw                     |     0.001 |
|   u_node_conv_276           |     0.042 |
|     dp                      |     0.033 |
|     lbw                     |     0.004 |
|   u_node_conv_280           |     0.060 |
|     dp                      |     0.055 |
|     lbw                     |     0.001 |
|   u_node_conv_284           |     0.215 |
|     dp                      |     0.093 |
|     lbw                     |     0.119 |
|   u_node_conv_288           |     0.115 |
|     dp                      |     0.103 |
|     lbw                     |     0.003 |
|   u_node_conv_292           |     0.235 |
|     dp                      |     0.094 |
|     lbw                     |     0.136 |
|     scheduler               |     0.001 |
|   u_node_conv_298           |     0.227 |
|     dp                      |     0.086 |
|     lbw                     |     0.136 |
|     scheduler               |     0.001 |
|   u_node_max_pool2d         |     0.029 |
|     u_lbw                   |     0.028 |
|   u_node_relu_10            |     0.002 |
|   u_node_relu_12            |     0.003 |
|   u_node_relu_15            |     0.003 |
|   u_node_relu_16            |     0.002 |
|   u_node_relu_17            |     0.002 |
|   u_node_relu_18            |     0.002 |
|   u_node_relu_20            |     0.002 |
|   u_node_relu_21            |     0.002 |
|   u_node_relu_22            |     0.002 |
|   u_node_relu_23            |     0.002 |
|   u_node_relu_24            |     0.003 |
|   u_node_relu_26            |     0.002 |
|   u_node_relu_27            |     0.005 |
|   u_node_relu_3             |     0.003 |
|   u_node_relu_30            |     0.005 |
|   u_node_relu_33            |     0.003 |
|   u_node_relu_35            |     0.002 |
|   u_node_relu_36            |     0.003 |
|   u_node_relu_38            |     0.002 |
|   u_node_relu_39            |     0.003 |
|   u_node_relu_40            |     0.002 |
|   u_node_relu_41            |     0.003 |
|   u_node_relu_42            |     0.016 |
|   u_node_relu_43            |     0.002 |
|   u_node_relu_44            |     0.003 |
|   u_node_relu_45            |     0.008 |
|   u_node_relu_46            |     0.002 |
|   u_node_relu_47            |     0.003 |
|   u_node_relu_48            |     0.007 |
|   u_node_relu_5             |     0.002 |
|   u_node_relu_6             |     0.001 |
|   u_node_relu_7             |     0.002 |
|   u_node_relu_9             |     0.002 |
|   u_scale_mem               |     0.020 |
|   u_shared_engine           |     0.506 |
|     u_address_generator     |     0.015 |
|     u_bram_to_stream_bridge |     0.041 |
|     u_mac_array             |     0.034 |
|     u_requant_pipeline      |     0.414 |
|   u_skid_node_conv_218      |     0.001 |
|   u_skid_node_conv_224      |     0.003 |
|   u_skid_node_conv_232      |     0.001 |
|   u_skip_node_add_1         |     0.004 |
|   u_skip_node_add_10        |     0.001 |
|   u_skip_node_add_11        |     0.001 |
|   u_skip_node_add_12        |     0.001 |
|   u_skip_node_add_14        |     0.002 |
|   u_skip_node_add_15        |     0.001 |
|   u_skip_node_add_2         |     0.004 |
|   u_skip_node_add_3         |     0.002 |
|   u_skip_node_add_4         |     0.002 |
|   u_skip_node_add_5         |     0.001 |
|   u_skip_node_add_8         |     0.001 |
|   u_skip_node_add_9         |     0.001 |
|   u_uram_weight_bank0       |     0.007 |
|   u_uram_weight_bank1       |     0.007 |
|   u_uram_weight_bank2       |     0.007 |
|   u_uram_weight_bank3       |     0.007 |
|   u_uram_weight_bank4       |     0.007 |
|   u_uram_weight_bank5       |     0.007 |
|   u_uram_weight_bank6       |     0.007 |
|   u_uram_weight_bank7       |     0.007 |
+-----------------------------+-----------+


