Copyright 1986-2022 Xilinx, Inc. All Rights Reserved. Copyright 2022-2025 Advanced Micro Devices, Inc. All Rights Reserved.
--------------------------------------------------------------------------------------------------------------------------------------------------------------------
| Tool Version : Vivado v.2025.2 (win64) Build 6299465 Fri Nov 14 19:35:11 GMT 2025
| Date         : Wed Jun  3 16:46:28 2026
| Host         : DESKTOP-5HHECFE running 64-bit major release  (build 9200)
| Command      : report_design_analysis -congestion -complexity -file C:/Users/User/Desktop/RTL_LLM_CLAUDE/nn2rtl-repo/output/reports_integrated/step0_analysis.rpt
| Design       : nn2rtl_top
| Device       : xcu250
| Design State : Fully Placed
--------------------------------------------------------------------------------------------------------------------------------------------------------------------

Report Design Analysis

Table of Contents
-----------------
1. Complexity Characteristics (Cells)
2. Placer Final Level Congestion Reporting

1. Complexity Characteristics (Cells)
-------------------------------------

+---------------+------+----------------+-----------------+-----------+-----------+--------------+------------+------------+------------+---------------+------------+-----+------+-------+------+-------------------+
|     Module    | Rent | Average Fanout | Total Instances | Registers |    LUT1   |     LUT2     |    LUT3    |    LUT4    |    LUT5    |      LUT6     | Memory LUT | DSP | RAMB |  MUXF | URAM | Hierarchical Name |
+---------------+------+----------------+-----------------+-----------+-----------+--------------+------------+------------+------------+---------------+------------+-----+------+-------+------+-------------------+
| node_conv_284 | 0.61 |           3.78 |          243281 |     42196 | 142(0.1%) | 26674(17.1%) | 9252(5.9%) | 4989(3.2%) | 1633(1.0%) | 113479(72.7%) |          0 | 176 |  216 | 43944 |  171 |   u_node_conv_284 |
| node_conv_292 | 0.61 |           3.79 |          250035 |     43303 | 343(0.2%) | 26507(16.4%) | 9910(6.1%) | 5524(3.4%) | 2013(1.2%) | 117604(72.6%) |          0 | 176 |  216 | 43861 |  171 |   u_node_conv_292 |
| node_conv_298 | 0.60 |           3.78 |          243824 |     42214 | 294(0.2%) | 26609(17.0%) | 9462(6.1%) | 4379(2.8%) | 1651(1.1%) | 113975(72.9%) |          0 | 176 |  216 | 44272 |  171 |   u_node_conv_298 |
+---------------+------+----------------+-----------------+-----------+-----------+--------------+------------+------------+------------+---------------+------------+-----+------+-------+------+-------------------+
* Complexity Ranges 
** 0.0 - 0.3 -> Very Low, 0.3 - 0.5 -> low, 0.5 - 0.65 -> normal,  0.65 - 0.85 -> high, 0.85 - 1.0 -> very high


2. Placer Final Level Congestion Reporting
------------------------------------------

+-----------+--------+-------+-------------------------------------------+---------------+----------------+-----+--------+------+------+------+------+-----+-------+-----+---------------------------------------------------------------------+
| Direction |  Type  | Level |                   Window                  | Combined LUTs | Avg LUT Inputs | LUT | LUTRAM | Flop | MUXF | RAMB | URAM | DSP | CARRY | SRL |                              Cell Names                             |
+-----------+--------+-------+-------------------------------------------+---------------+----------------+-----+--------+------+------+------+------+-----+-------+-----+---------------------------------------------------------------------+
| North     | Global |     5 | (CLEL_R_X97Y88,BRAM_X113Y115)             |            6% |          5.347 | 92% | 0%     |  38% |  41% | 100% | 87%  | 66% |    3% |  0% | u_node_conv_284/lbw(50%),u_node_add_15(34%),u_node_relu_40(6%)      |
| North     | Global |     6 | (CLEL_R_X73Y71,DSP_X103Y130)              |            4% |          5.076 | 89% | 0%     |  36% |  32% | 97%  | 93%  | 77% |   13% |  0% | u_node_conv_284/lbw(41%),u_node_add_15(27%),u_node_add_13(8%)       |
| East      | Global |     5 | (CLEL_R_X84Y789,CLEL_R_X99Y820)           |            8% |          4.335 | 75% | 0%     |  10% |  26% | 78%  | 100% | 57% |    3% |  0% | u_node_conv_292/lbw(76%),u_node_conv_292/dp(14%),u_node_relu_43(5%) |
| West      | Global |     5 | (CLEL_R_X83Y77,CLEM_X98Y108)              |            4% |          5.027 | 89% | 0%     |  35% |  31% | 100% | NA   | 88% |   15% |  0% | u_node_conv_284/lbw(39%),u_node_add_15(33%),u_node_conv_258/dp(12%) |
| West      | Global |     6 | (CLEM_X62Y55,CLEM_X92Y118)                |            4% |          5.030 | 87% | 0%     |  35% |  34% | 74%  | 93%  | 51% |   10% |  0% | u_node_conv_284/lbw(45%),u_node_add_13(19%),u_node_add_15(12%)      |
| North     | Long   |     5 | (CLEL_R_X97Y93,BRAM_X113Y120)             |            6% |          5.354 | 93% | 0%     |  36% |  41% | 100% | 87%  | 70% |    4% |  0% | u_node_conv_284/lbw(51%),u_node_add_15(30%),u_node_relu_40(6%)      |
| North     | Long   |     6 | (CLEL_R_X71Y78,CLEL_R_X101Y141)           |            4% |          4.969 | 88% | 0%     |  35% |  30% | 97%  | 90%  | 78% |   15% |  0% | u_node_conv_284/lbw(38%),u_node_add_15(25%),u_node_add_13(8%)       |
| South     | Long   |     5 | (CLEL_R_X87Y561,CLEL_R_X102Y592)          |            4% |          4.739 | 82% | 0%     |  14% |  31% | 100% | 100% | 60% |    2% |  0% | u_node_conv_298/lbw(76%),u_node_conv_298/dp(9%),u_node_conv_242(4%) |
| East      | Long   |     5 | (CLEL_R_X85Y789,DSP_X100Y820)             |            8% |          4.344 | 75% | 0%     |  11% |  25% | 78%  | 100% | 51% |    3% |  0% | u_node_conv_292/lbw(75%),u_node_conv_292/dp(15%),u_node_relu_43(5%) |
| West      | Long   |     5 | (CLEL_R_X71Y80,CLEL_L_X86Y111)            |            3% |          4.862 | 86% | 0%     |  36% |  33% | 85%  | 87%  | 71% |   13% |  0% | u_node_conv_284/lbw(36%),u_node_add_13(26%),u_node_add_15(14%)      |
| West      | Long   |     6 | (CLEL_R_X60Y70,CLEM_X90Y133)              |            4% |          4.850 | 85% | 0%     |  36% |  32% | 61%  | 93%  | 60% |   13% |  0% | u_node_conv_284/lbw(40%),u_node_add_13(18%),u_node_add_15(14%)      |
| North     | Short  |     5 | (CLEM_X103Y18,URAM_URAM_DELAY_FT_X117Y45) |           16% |          5.374 | 91% | 0%     |  44% |  37% | 100% | 100% | 85% |    2% |  0% | u_node_conv_284/lbw(47%),u_node_add_14(30%),u_node_conv_228/dp(7%)  |
| North     | Short  |     6 | (CLEL_R_X74Y18,CLEM_X105Y81)              |            7% |          5.337 | 91% | 0%     |  38% |  39% | 97%  | 90%  | 48% |    3% |  0% | u_node_conv_284/lbw(52%),u_node_add_15(17%),u_node_add_13(9%)       |
| South     | Short  |     5 | (CLEM_X114Y150,CLEL_L_X129Y181)           |            5% |          5.009 | 88% | 0%     |  42% |  23% | NA   | 100% | 96% |   16% |  0% | u_node_add_14(38%),u_node_conv_284/lbw(24%),u_node_conv_200/dp(8%)  |
| East      | Short  |     5 | (CLEL_R_X105Y22,CLEL_L_X121Y53)           |           15% |          5.449 | 92% | 0%     |  41% |  39% | 100% | 100% | 87% |    2% |  0% | u_node_conv_284/lbw(49%),u_node_add_14(29%),u_node_conv_284(6%)     |
| East      | Short  |     6 | (CLEL_R_X79Y57,CLEL_R_X110Y120)           |            6% |          5.181 | 90% | 0%     |  37% |  34% | 100% | 95%  | 71% |   10% |  0% | u_node_conv_284/lbw(44%),u_node_add_15(31%),u_node_conv_284/dp(6%)  |
| East      | Short  |     7 | (CLEL_R_X18Y28,CLEM_X79Y155)              |            6% |          4.615 | 81% | 1%     |  42% |  29% | 94%  | 95%  | 70% |   10% |  0% | u_node_add_13(23%),u_node_conv_284/lbw(22%),u_node_conv_228/lbw(8%) |
| West      | Short  |     5 | (CLEL_R_X104Y144,DSP_X119Y175)            |            6% |          4.914 | 87% | 0%     |  34% |  31% | 100% | 100% | 83% |    9% |  0% | u_node_conv_284/lbw(48%),u_node_relu_45(21%),u_node_add_15(8%)      |
| West      | Short  |     6 | (CLEL_R_X66Y55,CLEM_X96Y118)              |            5% |          5.030 | 88% | 0%     |  35% |  34% | 80%  | 93%  | 65% |   11% |  0% | u_node_conv_284/lbw(44%),u_node_add_13(17%),u_node_add_15(16%)      |
| West      | Short  |     7 | (CLEM_X11Y22,CLEM_X72Y149)                |            7% |          4.581 | 81% | 1%     |  45% |  27% | 93%  | 95%  | 69% |    9% |  0% | u_node_add_13(20%),u_node_conv_284/lbw(18%),u_node_conv_288/dp(12%) |
+-----------+--------+-------+-------------------------------------------+---------------+----------------+-----+--------+------+------+------+------+-----+-------+-----+---------------------------------------------------------------------+


